// Vitest Snapshot v1, https://vitest.dev/guide/snapshot.html

exports[`golden bounded autoplay > produces a stable behavioral fingerprint per configuration 1`] = `
[
  {
    "actionCount": 200,
    "activePlayerIndex": 1,
    "aiCount": 1,
    "boardSize": 27,
    "eventCount": 86,
    "humanHeroId": "hero_mage",
    "phase": "turn_start",
    "players": [
      {
        "hero": "hero_mage",
        "hp": 4,
        "id": "player_human",
        "isCursed": false,
        "keyCount": 1,
        "position": {
          "boardX": 5,
          "boardY": -2,
        },
        "skipNextTurn": false,
        "spells": 0,
        "treasurePoints": 1,
        "weapons": 2,
      },
      {
        "hero": "hero_witch",
        "hp": 2,
        "id": "player_ai_1",
        "isCursed": false,
        "keyCount": 0,
        "position": {
          "boardX": 5,
          "boardY": -2,
        },
        "skipNextTurn": false,
        "spells": 1,
        "treasurePoints": 2,
        "weapons": 2,
      },
    ],
    "poolScale": 0.5,
    "rngState": 2580493672,
    "seed": "golden-mage",
    "tileStackSize": 16,
    "tokenBagSize": 13,
  },
  {
    "actionCount": 200,
    "activePlayerIndex": 1,
    "aiCount": 2,
    "boardSize": 27,
    "eventCount": 86,
    "humanHeroId": "hero_valkyrie",
    "phase": "combat",
    "players": [
      {
        "hero": "hero_valkyrie",
        "hp": 5,
        "id": "player_human",
        "isCursed": false,
        "keyCount": 0,
        "position": {
          "boardX": 1,
          "boardY": 3,
        },
        "skipNextTurn": false,
        "spells": 1,
        "treasurePoints": 1,
        "weapons": 1,
      },
      {
        "hero": "hero_seeress",
        "hp": 3,
        "id": "player_ai_1",
        "isCursed": false,
        "keyCount": 0,
        "position": {
          "boardX": 4,
          "boardY": 7,
        },
        "skipNextTurn": false,
        "spells": 3,
        "treasurePoints": 0,
        "weapons": 1,
      },
      {
        "hero": "hero_rogue",
        "hp": 5,
        "id": "player_ai_2",
        "isCursed": false,
        "keyCount": 0,
        "position": {
          "boardX": 1,
          "boardY": 1,
        },
        "skipNextTurn": false,
        "spells": 0,
        "treasurePoints": 1,
        "weapons": 1,
      },
    ],
    "poolScale": 0.5,
    "rngState": 9573403,
    "seed": "golden-valkyrie",
    "tileStackSize": 16,
    "tokenBagSize": 12,
  },
  {
    "actionCount": 200,
    "activePlayerIndex": 3,
    "aiCount": 3,
    "boardSize": 23,
    "eventCount": 84,
    "humanHeroId": "hero_witch",
    "phase": "await_move",
    "players": [
      {
        "hero": "hero_witch",
        "hp": 5,
        "id": "player_human",
        "isCursed": false,
        "keyCount": 0,
        "position": {
          "boardX": -1,
          "boardY": 1,
        },
        "skipNextTurn": false,
        "spells": 1,
        "treasurePoints": 1,
        "weapons": 2,
      },
      {
        "hero": "hero_blade",
        "hp": 4,
        "id": "player_ai_1",
        "isCursed": false,
        "keyCount": 0,
        "position": {
          "boardX": -2,
          "boardY": -2,
        },
        "skipNextTurn": false,
        "spells": 2,
        "treasurePoints": 0,
        "weapons": 2,
      },
      {
        "hero": "hero_seeress",
        "hp": 4,
        "id": "player_ai_2",
        "isCursed": false,
        "keyCount": 0,
        "position": {
          "boardX": 2,
          "boardY": 1,
        },
        "skipNextTurn": false,
        "spells": 0,
        "treasurePoints": 1,
        "weapons": 1,
      },
      {
        "hero": "hero_rogue",
        "hp": 5,
        "id": "player_ai_3",
        "isCursed": false,
        "keyCount": 0,
        "position": {
          "boardX": -1,
          "boardY": -1,
        },
        "skipNextTurn": false,
        "spells": 0,
        "treasurePoints": 0,
        "weapons": 0,
      },
    ],
    "poolScale": 0.5,
    "rngState": 4141891256,
    "seed": "golden-witch",
    "tileStackSize": 20,
    "tokenBagSize": 13,
  },
  {
    "actionCount": 200,
    "activePlayerIndex": 0,
    "aiCount": 4,
    "boardSize": 24,
    "eventCount": 86,
    "humanHeroId": "hero_rogue",
    "phase": "turn_start",
    "players": [
      {
        "hero": "hero_rogue",
        "hp": 3,
        "id": "player_human",
        "isCursed": false,
        "keyCount": 0,
        "position": {
          "boardX": 1,
          "boardY": 1,
        },
        "skipNextTurn": false,
        "spells": 1,
        "treasurePoints": 0,
        "weapons": 0,
      },
      {
        "hero": "hero_witch",
        "hp": 3,
        "id": "player_ai_1",
        "isCursed": false,
        "keyCount": 0,
        "position": {
          "boardX": 0,
          "boardY": -2,
        },
        "skipNextTurn": false,
        "spells": 2,
        "treasurePoints": 0,
        "weapons": 0,
      },
      {
        "hero": "hero_blade",
        "hp": 4,
        "id": "player_ai_2",
        "isCursed": false,
        "keyCount": 0,
        "position": {
          "boardX": 3,
          "boardY": 4,
        },
        "skipNextTurn": false,
        "spells": 1,
        "treasurePoints": 1,
        "weapons": 1,
      },
      {
        "hero": "hero_seeress",
        "hp": 4,
        "id": "player_ai_3",
        "isCursed": false,
        "keyCount": 0,
        "position": {
          "boardX": 3,
          "boardY": 4,
        },
        "skipNextTurn": false,
        "spells": 0,
        "treasurePoints": 0,
        "weapons": 0,
      },
      {
        "hero": "hero_mage",
        "hp": 5,
        "id": "player_ai_4",
        "isCursed": false,
        "keyCount": 0,
        "position": {
          "boardX": 4,
          "boardY": 3,
        },
        "skipNextTurn": false,
        "spells": 0,
        "treasurePoints": 1,
        "weapons": 2,
      },
    ],
    "poolScale": 0.5,
    "rngState": 4103169434,
    "seed": "golden-rogue",
    "tileStackSize": 19,
    "tokenBagSize": 11,
  },
  {
    "actionCount": 200,
    "activePlayerIndex": 0,
    "aiCount": 2,
    "boardSize": 28,
    "eventCount": 95,
    "humanHeroId": "hero_blade",
    "phase": "choose_pending_tile_rotation",
    "players": [
      {
        "hero": "hero_blade",
        "hp": 3,
        "id": "player_human",
        "isCursed": false,
        "keyCount": 1,
        "position": {
          "boardX": -2,
          "boardY": -1,
        },
        "skipNextTurn": false,
        "spells": 1,
        "treasurePoints": 1,
        "weapons": 0,
      },
      {
        "hero": "hero_mage",
        "hp": 3,
        "id": "player_ai_1",
        "isCursed": false,
        "keyCount": 0,
        "position": {
          "boardX": 1,
          "boardY": -2,
        },
        "skipNextTurn": false,
        "spells": 2,
        "treasurePoints": 1,
        "weapons": 0,
      },
      {
        "hero": "hero_rogue",
        "hp": 3,
        "id": "player_ai_2",
        "isCursed": false,
        "keyCount": 1,
        "position": {
          "boardX": -2,
          "boardY": -1,
        },
        "skipNextTurn": false,
        "spells": 2,
        "treasurePoints": 0,
        "weapons": 2,
      },
    ],
    "poolScale": 1,
    "rngState": 3268616009,
    "seed": "golden-blade",
    "tileStackSize": 51,
    "tokenBagSize": 37,
  },
  {
    "actionCount": 200,
    "activePlayerIndex": 1,
    "aiCount": 1,
    "boardSize": 33,
    "eventCount": 105,
    "humanHeroId": "hero_seeress",
    "phase": "turn_end",
    "players": [
      {
        "hero": "hero_seeress",
        "hp": 5,
        "id": "player_human",
        "isCursed": false,
        "keyCount": 1,
        "position": {
          "boardX": -2,
          "boardY": -9,
        },
        "skipNextTurn": false,
        "spells": 2,
        "treasurePoints": 1,
        "weapons": 2,
      },
      {
        "hero": "hero_rogue",
        "hp": 5,
        "id": "player_ai_1",
        "isCursed": false,
        "keyCount": 0,
        "position": {
          "boardX": -2,
          "boardY": -2,
        },
        "skipNextTurn": false,
        "spells": 1,
        "treasurePoints": 3,
        "weapons": 2,
      },
    ],
    "poolScale": 1,
    "rngState": 3695315390,
    "seed": "golden-seeress",
    "tileStackSize": 47,
    "tokenBagSize": 32,
  },
]
`;
