// Vitest Snapshot v1, https://vitest.dev/guide/snapshot.html

exports[`curated full-game golden > pins the complete deterministic outcome of each curated game 1`] = `
[
  {
    "actionCount": 505,
    "aiCount": 2,
    "boardSize": 43,
    "defeatedDragonBy": "player_ai_2",
    "eventCount": 173,
    "phase": "game_over",
    "players": [
      {
        "hero": "hero_mage",
        "hp": 1,
        "id": "player_human",
        "isCursed": false,
        "keyCount": 0,
        "position": {
          "boardX": -1,
          "boardY": 0,
        },
        "spells": 0,
        "treasurePoints": 1,
        "weapons": 1,
      },
      {
        "hero": "hero_valkyrie",
        "hp": 3,
        "id": "player_ai_1",
        "isCursed": false,
        "keyCount": 0,
        "position": {
          "boardX": -1,
          "boardY": 0,
        },
        "spells": 3,
        "treasurePoints": 2,
        "weapons": 2,
      },
      {
        "hero": "hero_seeress",
        "hp": 1,
        "id": "player_ai_2",
        "isCursed": false,
        "keyCount": 0,
        "position": {
          "boardX": -1,
          "boardY": 1,
        },
        "spells": 0,
        "treasurePoints": 4.5,
        "weapons": 2,
      },
    ],
    "rngState": 3673405376,
    "seed": "fin-2-19",
    "winners": [
      "player_ai_2",
    ],
  },
  {
    "actionCount": 423,
    "aiCount": 2,
    "boardSize": 43,
    "defeatedDragonBy": "player_ai_1",
    "eventCount": 158,
    "phase": "game_over",
    "players": [
      {
        "hero": "hero_mage",
        "hp": 3,
        "id": "player_human",
        "isCursed": false,
        "keyCount": 0,
        "position": {
          "boardX": 4,
          "boardY": 4,
        },
        "spells": 1,
        "treasurePoints": 2,
        "weapons": 2,
      },
      {
        "hero": "hero_witch",
        "hp": 2,
        "id": "player_ai_1",
        "isCursed": false,
        "keyCount": 1,
        "position": {
          "boardX": 5,
          "boardY": 4,
        },
        "spells": 0,
        "treasurePoints": 3.5,
        "weapons": 2,
      },
      {
        "hero": "hero_seeress",
        "hp": 3,
        "id": "player_ai_2",
        "isCursed": false,
        "keyCount": 0,
        "position": {
          "boardX": 4,
          "boardY": 4,
        },
        "spells": 3,
        "treasurePoints": 2,
        "weapons": 2,
      },
    ],
    "rngState": 1168588596,
    "seed": "fin-2-6",
    "winners": [
      "player_ai_1",
    ],
  },
  {
    "actionCount": 299,
    "aiCount": 1,
    "boardSize": 43,
    "defeatedDragonBy": "player_ai_1",
    "eventCount": 143,
    "phase": "game_over",
    "players": [
      {
        "hero": "hero_mage",
        "hp": 4,
        "id": "player_human",
        "isCursed": false,
        "keyCount": 0,
        "position": {
          "boardX": 2,
          "boardY": 2,
        },
        "spells": 0,
        "treasurePoints": 1,
        "weapons": 0,
      },
      {
        "hero": "hero_blade",
        "hp": 5,
        "id": "player_ai_1",
        "isCursed": false,
        "keyCount": 0,
        "position": {
          "boardX": 2,
          "boardY": 3,
        },
        "spells": 2,
        "treasurePoints": 4.5,
        "weapons": 2,
      },
    ],
    "rngState": 1868196454,
    "seed": "fin-1-9",
    "winners": [
      "player_ai_1",
    ],
  },
  {
    "actionCount": 476,
    "aiCount": 1,
    "boardSize": 43,
    "defeatedDragonBy": "player_human",
    "eventCount": 153,
    "phase": "game_over",
    "players": [
      {
        "hero": "hero_mage",
        "hp": 3,
        "id": "player_human",
        "isCursed": false,
        "keyCount": 1,
        "position": {
          "boardX": 7,
          "boardY": -13,
        },
        "spells": 2,
        "treasurePoints": 2.5,
        "weapons": 2,
      },
      {
        "hero": "hero_valkyrie",
        "hp": 5,
        "id": "player_ai_1",
        "isCursed": false,
        "keyCount": 1,
        "position": {
          "boardX": 5,
          "boardY": -7,
        },
        "spells": 1,
        "treasurePoints": 3,
        "weapons": 2,
      },
    ],
    "rngState": 1999471965,
    "seed": "fin-1-13",
    "winners": [
      "player_ai_1",
    ],
  },
]
`;
