// Vitest Snapshot v1, https://vitest.dev/guide/snapshot.html

exports[`golden bounded autoplay > produces a stable behavioral fingerprint per configuration 1`] = `
[
  {
    "actionCount": 200,
    "activePlayerIndex": 1,
    "aiCount": 1,
    "boardSize": 36,
    "eventCount": 118,
    "humanHeroId": "hero_mage",
    "phase": "await_move",
    "players": [
      {
        "hero": "hero_mage",
        "hp": 5,
        "id": "player_human",
        "isCursed": false,
        "keyCount": 0,
        "position": {
          "boardX": -1,
          "boardY": -2,
        },
        "skipNextTurn": false,
        "spells": 1,
        "treasurePoints": 2,
        "weapons": 2,
      },
      {
        "hero": "hero_witch",
        "hp": 2,
        "id": "player_ai_1",
        "isCursed": false,
        "keyCount": 0,
        "position": {
          "boardX": 3,
          "boardY": -2,
        },
        "skipNextTurn": false,
        "spells": 0,
        "treasurePoints": 1,
        "weapons": 0,
      },
    ],
    "poolScale": 0.5,
    "rngState": 46231019,
    "seed": "golden-mage",
    "tileStackSize": 7,
    "tokenBagSize": 4,
  },
  {
    "actionCount": 200,
    "activePlayerIndex": 1,
    "aiCount": 2,
    "boardSize": 34,
    "eventCount": 106,
    "humanHeroId": "hero_valkyrie",
    "phase": "await_move",
    "players": [
      {
        "hero": "hero_valkyrie",
        "hp": 5,
        "id": "player_human",
        "isCursed": false,
        "keyCount": 0,
        "position": {
          "boardX": 4,
          "boardY": -4,
        },
        "skipNextTurn": false,
        "spells": 3,
        "treasurePoints": 1,
        "weapons": 2,
      },
      {
        "hero": "hero_seeress",
        "hp": 4,
        "id": "player_ai_1",
        "isCursed": true,
        "keyCount": 0,
        "position": {
          "boardX": 0,
          "boardY": 0,
        },
        "skipNextTurn": false,
        "spells": 0,
        "treasurePoints": 1,
        "weapons": 0,
      },
      {
        "hero": "hero_rogue",
        "hp": 2,
        "id": "player_ai_2",
        "isCursed": false,
        "keyCount": 0,
        "position": {
          "boardX": 3,
          "boardY": 6,
        },
        "skipNextTurn": false,
        "spells": 2,
        "treasurePoints": 1,
        "weapons": 1,
      },
    ],
    "poolScale": 0.5,
    "rngState": 1876315847,
    "seed": "golden-valkyrie",
    "tileStackSize": 9,
    "tokenBagSize": 7,
  },
  {
    "actionCount": 200,
    "activePlayerIndex": 1,
    "aiCount": 3,
    "boardSize": 31,
    "eventCount": 103,
    "humanHeroId": "hero_witch",
    "phase": "turn_end",
    "players": [
      {
        "hero": "hero_witch",
        "hp": 5,
        "id": "player_human",
        "isCursed": true,
        "keyCount": 0,
        "position": {
          "boardX": 0,
          "boardY": -1,
        },
        "skipNextTurn": false,
        "spells": 0,
        "treasurePoints": 1,
        "weapons": 0,
      },
      {
        "hero": "hero_blade",
        "hp": 0,
        "id": "player_ai_1",
        "isCursed": false,
        "keyCount": 1,
        "position": {
          "boardX": 7,
          "boardY": 0,
        },
        "skipNextTurn": true,
        "spells": 1,
        "treasurePoints": 0,
        "weapons": 1,
      },
      {
        "hero": "hero_seeress",
        "hp": 2,
        "id": "player_ai_2",
        "isCursed": false,
        "keyCount": 0,
        "position": {
          "boardX": 0,
          "boardY": -1,
        },
        "skipNextTurn": false,
        "spells": 1,
        "treasurePoints": 0,
        "weapons": 0,
      },
      {
        "hero": "hero_rogue",
        "hp": 4,
        "id": "player_ai_3",
        "isCursed": false,
        "keyCount": 0,
        "position": {
          "boardX": 9,
          "boardY": 3,
        },
        "skipNextTurn": false,
        "spells": 1,
        "treasurePoints": 1,
        "weapons": 2,
      },
    ],
    "poolScale": 0.5,
    "rngState": 2198340873,
    "seed": "golden-witch",
    "tileStackSize": 12,
    "tokenBagSize": 7,
  },
  {
    "actionCount": 200,
    "activePlayerIndex": 1,
    "aiCount": 4,
    "boardSize": 32,
    "eventCount": 109,
    "humanHeroId": "hero_rogue",
    "phase": "turn_end",
    "players": [
      {
        "hero": "hero_rogue",
        "hp": 4,
        "id": "player_human",
        "isCursed": true,
        "keyCount": 0,
        "position": {
          "boardX": 2,
          "boardY": 1,
        },
        "skipNextTurn": false,
        "spells": 0,
        "treasurePoints": 1,
        "weapons": 0,
      },
      {
        "hero": "hero_witch",
        "hp": 4,
        "id": "player_ai_1",
        "isCursed": false,
        "keyCount": 0,
        "position": {
          "boardX": -2,
          "boardY": 1,
        },
        "skipNextTurn": false,
        "spells": 1,
        "treasurePoints": 0,
        "weapons": 2,
      },
      {
        "hero": "hero_blade",
        "hp": 5,
        "id": "player_ai_2",
        "isCursed": false,
        "keyCount": 0,
        "position": {
          "boardX": 3,
          "boardY": -2,
        },
        "skipNextTurn": false,
        "spells": 1,
        "treasurePoints": 0,
        "weapons": 0,
      },
      {
        "hero": "hero_seeress",
        "hp": 4,
        "id": "player_ai_3",
        "isCursed": false,
        "keyCount": 0,
        "position": {
          "boardX": 1,
          "boardY": 3,
        },
        "skipNextTurn": false,
        "spells": 0,
        "treasurePoints": 1,
        "weapons": 0,
      },
      {
        "hero": "hero_mage",
        "hp": 3,
        "id": "player_ai_4",
        "isCursed": false,
        "keyCount": 0,
        "position": {
          "boardX": 2,
          "boardY": -4,
        },
        "skipNextTurn": false,
        "spells": 1,
        "treasurePoints": 0,
        "weapons": 1,
      },
    ],
    "poolScale": 0.5,
    "rngState": 4115225510,
    "seed": "golden-rogue",
    "tileStackSize": 11,
    "tokenBagSize": 5,
  },
  {
    "actionCount": 200,
    "activePlayerIndex": 0,
    "aiCount": 2,
    "boardSize": 30,
    "eventCount": 98,
    "humanHeroId": "hero_blade",
    "phase": "loot_resolution",
    "players": [
      {
        "hero": "hero_blade",
        "hp": 3,
        "id": "player_human",
        "isCursed": false,
        "keyCount": 1,
        "position": {
          "boardX": 5,
          "boardY": 1,
        },
        "skipNextTurn": false,
        "spells": 2,
        "treasurePoints": 2,
        "weapons": 0,
      },
      {
        "hero": "hero_mage",
        "hp": 5,
        "id": "player_ai_1",
        "isCursed": false,
        "keyCount": 1,
        "position": {
          "boardX": 2,
          "boardY": 5,
        },
        "skipNextTurn": false,
        "spells": 2,
        "treasurePoints": 0,
        "weapons": 1,
      },
      {
        "hero": "hero_rogue",
        "hp": 4,
        "id": "player_ai_2",
        "isCursed": true,
        "keyCount": 0,
        "position": {
          "boardX": 0,
          "boardY": -1,
        },
        "skipNextTurn": false,
        "spells": 1,
        "treasurePoints": 1,
        "weapons": 0,
      },
    ],
    "poolScale": 1,
    "rngState": 890705490,
    "seed": "golden-blade",
    "tileStackSize": 50,
    "tokenBagSize": 35,
  },
  {
    "actionCount": 200,
    "activePlayerIndex": 0,
    "aiCount": 1,
    "boardSize": 38,
    "eventCount": 121,
    "humanHeroId": "hero_seeress",
    "phase": "await_move",
    "players": [
      {
        "hero": "hero_seeress",
        "hp": 5,
        "id": "player_human",
        "isCursed": false,
        "keyCount": 1,
        "position": {
          "boardX": -2,
          "boardY": -3,
        },
        "skipNextTurn": false,
        "spells": 0,
        "treasurePoints": 1,
        "weapons": 1,
      },
      {
        "hero": "hero_rogue",
        "hp": 4,
        "id": "player_ai_1",
        "isCursed": false,
        "keyCount": 1,
        "position": {
          "boardX": 7,
          "boardY": -9,
        },
        "skipNextTurn": false,
        "spells": 2,
        "treasurePoints": 2,
        "weapons": 2,
      },
    ],
    "poolScale": 1,
    "rngState": 3844630125,
    "seed": "golden-seeress",
    "tileStackSize": 42,
    "tokenBagSize": 28,
  },
]
`;
