// Vitest Snapshot v1, https://vitest.dev/guide/snapshot.html

exports[`golden bounded autoplay > produces a stable behavioral fingerprint per configuration 1`] = `
[
  {
    "actionCount": 200,
    "activePlayerIndex": 0,
    "aiCount": 1,
    "boardSize": 38,
    "eventCount": 125,
    "humanHeroId": "hero_mage",
    "phase": "turn_end",
    "players": [
      {
        "hero": "hero_mage",
        "hp": 3,
        "id": "player_human",
        "isCursed": false,
        "keyCount": 1,
        "position": {
          "boardX": 6,
          "boardY": 3,
        },
        "skipNextTurn": false,
        "spells": 3,
        "treasurePoints": 1,
        "weapons": 2,
      },
      {
        "hero": "hero_witch",
        "hp": 5,
        "id": "player_ai_1",
        "isCursed": false,
        "keyCount": 0,
        "position": {
          "boardX": 0,
          "boardY": 0,
        },
        "skipNextTurn": false,
        "spells": 1,
        "treasurePoints": 2,
        "weapons": 2,
      },
    ],
    "poolScale": 0.5,
    "rngState": 1061857528,
    "seed": "golden-mage",
    "tileStackSize": 5,
    "tokenBagSize": 2,
  },
  {
    "actionCount": 200,
    "activePlayerIndex": 2,
    "aiCount": 2,
    "boardSize": 38,
    "eventCount": 120,
    "humanHeroId": "hero_valkyrie",
    "phase": "turn_start",
    "players": [
      {
        "hero": "hero_valkyrie",
        "hp": 4,
        "id": "player_human",
        "isCursed": false,
        "keyCount": 0,
        "position": {
          "boardX": -1,
          "boardY": 3,
        },
        "skipNextTurn": false,
        "spells": 2,
        "treasurePoints": 1,
        "weapons": 2,
      },
      {
        "hero": "hero_seeress",
        "hp": 5,
        "id": "player_ai_1",
        "isCursed": false,
        "keyCount": 0,
        "position": {
          "boardX": -1,
          "boardY": 0,
        },
        "skipNextTurn": false,
        "spells": 0,
        "treasurePoints": 1,
        "weapons": 1,
      },
      {
        "hero": "hero_rogue",
        "hp": 2,
        "id": "player_ai_2",
        "isCursed": false,
        "keyCount": 0,
        "position": {
          "boardX": 5,
          "boardY": 1,
        },
        "skipNextTurn": false,
        "spells": 3,
        "treasurePoints": 1,
        "weapons": 0,
      },
    ],
    "poolScale": 0.5,
    "rngState": 2667228967,
    "seed": "golden-valkyrie",
    "tileStackSize": 5,
    "tokenBagSize": 4,
  },
  {
    "actionCount": 200,
    "activePlayerIndex": 3,
    "aiCount": 3,
    "boardSize": 40,
    "eventCount": 127,
    "humanHeroId": "hero_witch",
    "phase": "turn_start",
    "players": [
      {
        "hero": "hero_witch",
        "hp": 5,
        "id": "player_human",
        "isCursed": true,
        "keyCount": 1,
        "position": {
          "boardX": 1,
          "boardY": 1,
        },
        "skipNextTurn": false,
        "spells": 0,
        "treasurePoints": 1,
        "weapons": 0,
      },
      {
        "hero": "hero_blade",
        "hp": 5,
        "id": "player_ai_1",
        "isCursed": false,
        "keyCount": 0,
        "position": {
          "boardX": 2,
          "boardY": -11,
        },
        "skipNextTurn": false,
        "spells": 3,
        "treasurePoints": 2,
        "weapons": 2,
      },
      {
        "hero": "hero_seeress",
        "hp": 3,
        "id": "player_ai_2",
        "isCursed": false,
        "keyCount": 0,
        "position": {
          "boardX": 3,
          "boardY": -5,
        },
        "skipNextTurn": false,
        "spells": 2,
        "treasurePoints": 1,
        "weapons": 0,
      },
      {
        "hero": "hero_rogue",
        "hp": 5,
        "id": "player_ai_3",
        "isCursed": false,
        "keyCount": 0,
        "position": {
          "boardX": 7,
          "boardY": 4,
        },
        "skipNextTurn": false,
        "spells": 1,
        "treasurePoints": 0,
        "weapons": 2,
      },
    ],
    "poolScale": 0.5,
    "rngState": 2139273486,
    "seed": "golden-witch",
    "tileStackSize": 3,
    "tokenBagSize": 2,
  },
  {
    "actionCount": 200,
    "activePlayerIndex": 4,
    "aiCount": 4,
    "boardSize": 34,
    "eventCount": 114,
    "humanHeroId": "hero_rogue",
    "phase": "combat",
    "players": [
      {
        "hero": "hero_rogue",
        "hp": 5,
        "id": "player_human",
        "isCursed": false,
        "keyCount": 1,
        "position": {
          "boardX": 2,
          "boardY": -5,
        },
        "skipNextTurn": false,
        "spells": 1,
        "treasurePoints": 0,
        "weapons": 0,
      },
      {
        "hero": "hero_witch",
        "hp": 4,
        "id": "player_ai_1",
        "isCursed": false,
        "keyCount": 0,
        "position": {
          "boardX": 0,
          "boardY": -4,
        },
        "skipNextTurn": false,
        "spells": 2,
        "treasurePoints": 0,
        "weapons": 1,
      },
      {
        "hero": "hero_blade",
        "hp": 5,
        "id": "player_ai_2",
        "isCursed": false,
        "keyCount": 0,
        "position": {
          "boardX": 0,
          "boardY": 0,
        },
        "skipNextTurn": false,
        "spells": 1,
        "treasurePoints": 0,
        "weapons": 2,
      },
      {
        "hero": "hero_seeress",
        "hp": 5,
        "id": "player_ai_3",
        "isCursed": false,
        "keyCount": 0,
        "position": {
          "boardX": 0,
          "boardY": 0,
        },
        "skipNextTurn": false,
        "spells": 0,
        "treasurePoints": 1,
        "weapons": 0,
      },
      {
        "hero": "hero_mage",
        "hp": 4,
        "id": "player_ai_4",
        "isCursed": false,
        "keyCount": 0,
        "position": {
          "boardX": -2,
          "boardY": -3,
        },
        "skipNextTurn": false,
        "spells": 1,
        "treasurePoints": 1,
        "weapons": 0,
      },
    ],
    "poolScale": 0.5,
    "rngState": 532977313,
    "seed": "golden-rogue",
    "tileStackSize": 9,
    "tokenBagSize": 4,
  },
  {
    "actionCount": 200,
    "activePlayerIndex": 0,
    "aiCount": 2,
    "boardSize": 36,
    "eventCount": 118,
    "humanHeroId": "hero_blade",
    "phase": "await_move",
    "players": [
      {
        "hero": "hero_blade",
        "hp": 3,
        "id": "player_human",
        "isCursed": false,
        "keyCount": 1,
        "position": {
          "boardX": 3,
          "boardY": 4,
        },
        "skipNextTurn": false,
        "spells": 3,
        "treasurePoints": 1,
        "weapons": 2,
      },
      {
        "hero": "hero_mage",
        "hp": 5,
        "id": "player_ai_1",
        "isCursed": false,
        "keyCount": 0,
        "position": {
          "boardX": 1,
          "boardY": 3,
        },
        "skipNextTurn": false,
        "spells": 0,
        "treasurePoints": 0,
        "weapons": 0,
      },
      {
        "hero": "hero_rogue",
        "hp": 3,
        "id": "player_ai_2",
        "isCursed": false,
        "keyCount": 1,
        "position": {
          "boardX": 10,
          "boardY": -2,
        },
        "skipNextTurn": false,
        "spells": 3,
        "treasurePoints": 0,
        "weapons": 1,
      },
    ],
    "poolScale": 1,
    "rngState": 3772338610,
    "seed": "golden-blade",
    "tileStackSize": 44,
    "tokenBagSize": 31,
  },
  {
    "actionCount": 200,
    "activePlayerIndex": 1,
    "aiCount": 1,
    "boardSize": 39,
    "eventCount": 123,
    "humanHeroId": "hero_seeress",
    "phase": "await_move",
    "players": [
      {
        "hero": "hero_seeress",
        "hp": 5,
        "id": "player_human",
        "isCursed": false,
        "keyCount": 0,
        "position": {
          "boardX": -2,
          "boardY": -3,
        },
        "skipNextTurn": false,
        "spells": 0,
        "treasurePoints": 2,
        "weapons": 1,
      },
      {
        "hero": "hero_rogue",
        "hp": 4,
        "id": "player_ai_1",
        "isCursed": false,
        "keyCount": 1,
        "position": {
          "boardX": 7,
          "boardY": -10,
        },
        "skipNextTurn": false,
        "spells": 2,
        "treasurePoints": 2,
        "weapons": 2,
      },
    ],
    "poolScale": 1,
    "rngState": 3844630125,
    "seed": "golden-seeress",
    "tileStackSize": 41,
    "tokenBagSize": 28,
  },
]
`;
