// Vitest Snapshot v1, https://vitest.dev/guide/snapshot.html

exports[`curated full-game golden > pins the complete deterministic outcome of each curated game 1`] = `
[
  {
    "actionCount": 290,
    "aiCount": 2,
    "boardSize": 29,
    "defeatedDragonBy": "player_ai_1",
    "eventCount": 107,
    "phase": "game_over",
    "players": [
      {
        "hero": "hero_mage",
        "hp": 4,
        "id": "player_human",
        "isCursed": false,
        "keyCount": 1,
        "position": {
          "boardX": 1,
          "boardY": 0,
        },
        "spells": 1,
        "treasurePoints": 1,
        "weapons": 2,
      },
      {
        "hero": "hero_valkyrie",
        "hp": 5,
        "id": "player_ai_1",
        "isCursed": false,
        "keyCount": 0,
        "position": {
          "boardX": 3,
          "boardY": 3,
        },
        "spells": 1,
        "treasurePoints": 2.5,
        "weapons": 2,
      },
      {
        "hero": "hero_seeress",
        "hp": 5,
        "id": "player_ai_2",
        "isCursed": false,
        "keyCount": 0,
        "position": {
          "boardX": 1,
          "boardY": 2,
        },
        "spells": 0,
        "treasurePoints": 1,
        "weapons": 2,
      },
    ],
    "rngState": 3802984380,
    "seed": "fin-2-19",
    "winners": [
      "player_ai_1",
    ],
  },
  {
    "actionCount": 660,
    "aiCount": 2,
    "boardSize": 43,
    "defeatedDragonBy": "player_ai_2",
    "eventCount": 172,
    "phase": "game_over",
    "players": [
      {
        "hero": "hero_mage",
        "hp": 4,
        "id": "player_human",
        "isCursed": false,
        "keyCount": 0,
        "position": {
          "boardX": 0,
          "boardY": 1,
        },
        "spells": 1,
        "treasurePoints": 1,
        "weapons": 2,
      },
      {
        "hero": "hero_witch",
        "hp": 3,
        "id": "player_ai_1",
        "isCursed": false,
        "keyCount": 0,
        "position": {
          "boardX": 0,
          "boardY": -3,
        },
        "spells": 0,
        "treasurePoints": 3,
        "weapons": 2,
      },
      {
        "hero": "hero_seeress",
        "hp": 3,
        "id": "player_ai_2",
        "isCursed": false,
        "keyCount": 1,
        "position": {
          "boardX": 0,
          "boardY": 2,
        },
        "spells": 2,
        "treasurePoints": 3.5,
        "weapons": 2,
      },
    ],
    "rngState": 2862885740,
    "seed": "fin-2-6",
    "winners": [
      "player_ai_2",
    ],
  },
  {
    "actionCount": 465,
    "aiCount": 1,
    "boardSize": 43,
    "defeatedDragonBy": "player_ai_1",
    "eventCount": 145,
    "phase": "game_over",
    "players": [
      {
        "hero": "hero_mage",
        "hp": 5,
        "id": "player_human",
        "isCursed": false,
        "keyCount": 0,
        "position": {
          "boardX": 4,
          "boardY": 5,
        },
        "spells": 1,
        "treasurePoints": 1,
        "weapons": 2,
      },
      {
        "hero": "hero_blade",
        "hp": 5,
        "id": "player_ai_1",
        "isCursed": false,
        "keyCount": 0,
        "position": {
          "boardX": 8,
          "boardY": 5,
        },
        "spells": 2,
        "treasurePoints": 6.5,
        "weapons": 2,
      },
    ],
    "rngState": 3958044667,
    "seed": "fin-1-9",
    "winners": [
      "player_ai_1",
    ],
  },
  {
    "actionCount": 512,
    "aiCount": 1,
    "boardSize": 43,
    "defeatedDragonBy": "player_human",
    "eventCount": 154,
    "phase": "game_over",
    "players": [
      {
        "hero": "hero_mage",
        "hp": 3,
        "id": "player_human",
        "isCursed": false,
        "keyCount": 0,
        "position": {
          "boardX": 3,
          "boardY": 5,
        },
        "spells": 2,
        "treasurePoints": 4.5,
        "weapons": 2,
      },
      {
        "hero": "hero_valkyrie",
        "hp": 4,
        "id": "player_ai_1",
        "isCursed": false,
        "keyCount": 0,
        "position": {
          "boardX": 3,
          "boardY": 4,
        },
        "spells": 2,
        "treasurePoints": 3,
        "weapons": 2,
      },
    ],
    "rngState": 1999471965,
    "seed": "fin-1-13",
    "winners": [
      "player_human",
    ],
  },
]
`;
