// Vitest Snapshot v1, https://vitest.dev/guide/snapshot.html

exports[`curated full-game golden > pins the complete deterministic outcome of each curated game 1`] = `
[
  {
    "actionCount": 376,
    "aiCount": 2,
    "boardSize": 43,
    "defeatedDragonBy": "player_ai_2",
    "eventCount": 154,
    "phase": "game_over",
    "players": [
      {
        "hero": "hero_mage",
        "hp": 2,
        "id": "player_human",
        "isCursed": true,
        "keyCount": 1,
        "position": {
          "boardX": 1,
          "boardY": -3,
        },
        "spells": 0,
        "treasurePoints": 0,
        "weapons": 0,
      },
      {
        "hero": "hero_valkyrie",
        "hp": 1,
        "id": "player_ai_1",
        "isCursed": false,
        "keyCount": 0,
        "position": {
          "boardX": 6,
          "boardY": 0,
        },
        "spells": 1,
        "treasurePoints": 0,
        "weapons": 1,
      },
      {
        "hero": "hero_seeress",
        "hp": 4,
        "id": "player_ai_2",
        "isCursed": false,
        "keyCount": 0,
        "position": {
          "boardX": 7,
          "boardY": 0,
        },
        "spells": 2,
        "treasurePoints": 6.5,
        "weapons": 2,
      },
    ],
    "rngState": 2612516207,
    "seed": "fin-2-19",
    "winners": [
      "player_ai_2",
    ],
  },
  {
    "actionCount": 454,
    "aiCount": 2,
    "boardSize": 43,
    "defeatedDragonBy": "player_human",
    "eventCount": 165,
    "phase": "game_over",
    "players": [
      {
        "hero": "hero_mage",
        "hp": 1,
        "id": "player_human",
        "isCursed": false,
        "keyCount": 1,
        "position": {
          "boardX": 6,
          "boardY": -7,
        },
        "spells": 2,
        "treasurePoints": 3.5,
        "weapons": 2,
      },
      {
        "hero": "hero_witch",
        "hp": 0,
        "id": "player_ai_1",
        "isCursed": true,
        "keyCount": 0,
        "position": {
          "boardX": 6,
          "boardY": -6,
        },
        "spells": 0,
        "treasurePoints": 2,
        "weapons": 2,
      },
      {
        "hero": "hero_seeress",
        "hp": 1,
        "id": "player_ai_2",
        "isCursed": false,
        "keyCount": 0,
        "position": {
          "boardX": 6,
          "boardY": -6,
        },
        "spells": 1,
        "treasurePoints": 2,
        "weapons": 2,
      },
    ],
    "rngState": 3351565807,
    "seed": "fin-2-6",
    "winners": [
      "player_human",
    ],
  },
  {
    "actionCount": 299,
    "aiCount": 1,
    "boardSize": 43,
    "defeatedDragonBy": "player_ai_1",
    "eventCount": 143,
    "phase": "game_over",
    "players": [
      {
        "hero": "hero_mage",
        "hp": 4,
        "id": "player_human",
        "isCursed": false,
        "keyCount": 0,
        "position": {
          "boardX": 2,
          "boardY": 2,
        },
        "spells": 0,
        "treasurePoints": 1,
        "weapons": 0,
      },
      {
        "hero": "hero_blade",
        "hp": 5,
        "id": "player_ai_1",
        "isCursed": false,
        "keyCount": 0,
        "position": {
          "boardX": 2,
          "boardY": 3,
        },
        "spells": 2,
        "treasurePoints": 4.5,
        "weapons": 2,
      },
    ],
    "rngState": 1868196454,
    "seed": "fin-1-9",
    "winners": [
      "player_ai_1",
    ],
  },
  {
    "actionCount": 255,
    "aiCount": 1,
    "boardSize": 41,
    "defeatedDragonBy": "player_ai_1",
    "eventCount": 139,
    "phase": "game_over",
    "players": [
      {
        "hero": "hero_mage",
        "hp": 5,
        "id": "player_human",
        "isCursed": false,
        "keyCount": 1,
        "position": {
          "boardX": 3,
          "boardY": -1,
        },
        "spells": 1,
        "treasurePoints": 2,
        "weapons": 2,
      },
      {
        "hero": "hero_valkyrie",
        "hp": 5,
        "id": "player_ai_1",
        "isCursed": false,
        "keyCount": 0,
        "position": {
          "boardX": 3,
          "boardY": -8,
        },
        "spells": 0,
        "treasurePoints": 3.5,
        "weapons": 2,
      },
    ],
    "rngState": 562138144,
    "seed": "fin-1-13",
    "winners": [
      "player_ai_1",
    ],
  },
]
`;
